// Vitest Snapshot v1, https://vitest.dev/guide/snapshot.html

exports[`RentalStepperItem > should render correctly 1`] = `
<div>
  <div
    class="relative flex w-full flex-col items-center justify-center"
    data-testid="stepper-item"
  >
    <div
      class="absolute left-[calc(50%+20px)] right-[calc(-50%+10px)] top-5 block h-0.5 shrink-0 rounded-full bg-muted"
      data-testid="stepper-line"
    />
    <button
      class="z-10 rounded-full shrink-0"
      data-testid="stepper-button"
      size="icon"
      variant="default"
    >
      
      <!--v-if-->
      <lucide-circle-stub
        data-testid="stepper-icon-active"
      />
      <!--v-if-->
      
    </button>
    <div
      class="mt-5 flex flex-col items-center text-center"
    >
      <h3
        class="text-primary text-sm font-semibold transition lg:text-base"
        data-testid="stepper-title"
      >
        Informações Pessoais
      </h3>
      <p
        class="text-primary sr-only text-xs text-muted-foreground transition md:not-sr-only lg:text-sm"
        data-testid="stepper-description"
      >
        Preencha seus dados
      </p>
    </div>
  </div>
</div>
`;
